Analysis & Synthesis report for LogicalStep_Lab4_top
Wed Jul 29 13:00:34 2020
Quartus Prime Version 19.1.0 Build 670 09/22/2019 SJ Lite Edition


---------------------
; Table of Contents ;
---------------------
  1. Legal Notice
  2. Analysis & Synthesis Summary
  3. Analysis & Synthesis Settings
  4. Parallel Compilation
  5. Analysis & Synthesis Source Files Read
  6. Analysis & Synthesis Resource Usage Summary
  7. Analysis & Synthesis Resource Utilization by Entity
  8. User-Specified and Inferred Latches
  9. General Register Statistics
 10. Multiplexer Restructuring Statistics (Restructuring Performed)
 11. Post-Synthesis Netlist Statistics for Top Partition
 12. Elapsed Time Per Partition
 13. Analysis & Synthesis Messages



----------------
; Legal Notice ;
----------------
Copyright (C) 2019  Intel Corporation. All rights reserved.
Your use of Intel Corporation's design tools, logic functions 
and other software and tools, and any partner logic 
functions, and any output files from any of the foregoing 
(including device programming or simulation files), and any 
associated documentation or information are expressly subject 
to the terms and conditions of the Intel Program License 
Subscription Agreement, the Intel Quartus Prime License Agreement,
the Intel FPGA IP License Agreement, or other applicable license
agreement, including, without limitation, that your use is for
the sole purpose of programming logic devices manufactured by
Intel and sold by Intel or its authorized distributors.  Please
refer to the applicable agreement for further details, at
https://fpgasoftware.intel.com/eula.



+----------------------------------------------------------------------------------+
; Analysis & Synthesis Summary                                                     ;
+------------------------------------+---------------------------------------------+
; Analysis & Synthesis Status        ; Successful - Wed Jul 29 13:00:34 2020       ;
; Quartus Prime Version              ; 19.1.0 Build 670 09/22/2019 SJ Lite Edition ;
; Revision Name                      ; LogicalStep_Lab4_top                        ;
; Top-level Entity Name              ; LogicalStep_Lab4_top                        ;
; Family                             ; MAX 10                                      ;
; Total logic elements               ; 81                                          ;
;     Total combinational functions  ; 75                                          ;
;     Dedicated logic registers      ; 20                                          ;
; Total registers                    ; 20                                          ;
; Total pins                         ; 30                                          ;
; Total virtual pins                 ; 0                                           ;
; Total memory bits                  ; 0                                           ;
; Embedded Multiplier 9-bit elements ; 0                                           ;
; Total PLLs                         ; 0                                           ;
; UFM blocks                         ; 0                                           ;
; ADC blocks                         ; 0                                           ;
+------------------------------------+---------------------------------------------+


+----------------------------------------------------------------------------------------------------------------+
; Analysis & Synthesis Settings                                                                                  ;
+------------------------------------------------------------------+----------------------+----------------------+
; Option                                                           ; Setting              ; Default Value        ;
+------------------------------------------------------------------+----------------------+----------------------+
; Device                                                           ; 10M08DAF484C8G       ;                      ;
; Top-level entity name                                            ; LogicalStep_Lab4_top ; LogicalStep_Lab4_top ;
; Family name                                                      ; MAX 10               ; Cyclone V            ;
; Use smart compilation                                            ; Off                  ; Off                  ;
; Enable parallel Assembler and Timing Analyzer during compilation ; On                   ; On                   ;
; Enable compact report table                                      ; Off                  ; Off                  ;
; Restructure Multiplexers                                         ; Auto                 ; Auto                 ;
; Create Debugging Nodes for IP Cores                              ; Off                  ; Off                  ;
; Preserve fewer node names                                        ; On                   ; On                   ;
; Intel FPGA IP Evaluation Mode                                    ; Enable               ; Enable               ;
; Verilog Version                                                  ; Verilog_2001         ; Verilog_2001         ;
; VHDL Version                                                     ; VHDL_1993            ; VHDL_1993            ;
; State Machine Processing                                         ; Auto                 ; Auto                 ;
; Safe State Machine                                               ; Off                  ; Off                  ;
; Extract Verilog State Machines                                   ; On                   ; On                   ;
; Extract VHDL State Machines                                      ; On                   ; On                   ;
; Ignore Verilog initial constructs                                ; Off                  ; Off                  ;
; Iteration limit for constant Verilog loops                       ; 5000                 ; 5000                 ;
; Iteration limit for non-constant Verilog loops                   ; 250                  ; 250                  ;
; Add Pass-Through Logic to Inferred RAMs                          ; On                   ; On                   ;
; Infer RAMs from Raw Logic                                        ; On                   ; On                   ;
; Parallel Synthesis                                               ; On                   ; On                   ;
; DSP Block Balancing                                              ; Auto                 ; Auto                 ;
; NOT Gate Push-Back                                               ; On                   ; On                   ;
; Power-Up Don't Care                                              ; On                   ; On                   ;
; Remove Redundant Logic Cells                                     ; Off                  ; Off                  ;
; Remove Duplicate Registers                                       ; On                   ; On                   ;
; Ignore CARRY Buffers                                             ; Off                  ; Off                  ;
; Ignore CASCADE Buffers                                           ; Off                  ; Off                  ;
; Ignore GLOBAL Buffers                                            ; Off                  ; Off                  ;
; Ignore ROW GLOBAL Buffers                                        ; Off                  ; Off                  ;
; Ignore LCELL Buffers                                             ; Off                  ; Off                  ;
; Ignore SOFT Buffers                                              ; On                   ; On                   ;
; Limit AHDL Integers to 32 Bits                                   ; Off                  ; Off                  ;
; Optimization Technique                                           ; Balanced             ; Balanced             ;
; Carry Chain Length                                               ; 70                   ; 70                   ;
; Auto Carry Chains                                                ; On                   ; On                   ;
; Auto Open-Drain Pins                                             ; On                   ; On                   ;
; Perform WYSIWYG Primitive Resynthesis                            ; Off                  ; Off                  ;
; Auto ROM Replacement                                             ; On                   ; On                   ;
; Auto RAM Replacement                                             ; On                   ; On                   ;
; Auto DSP Block Replacement                                       ; On                   ; On                   ;
; Auto Shift Register Replacement                                  ; Auto                 ; Auto                 ;
; Allow Shift Register Merging across Hierarchies                  ; Auto                 ; Auto                 ;
; Auto Clock Enable Replacement                                    ; On                   ; On                   ;
; Strict RAM Replacement                                           ; Off                  ; Off                  ;
; Allow Synchronous Control Signals                                ; On                   ; On                   ;
; Force Use of Synchronous Clear Signals                           ; Off                  ; Off                  ;
; Auto RAM Block Balancing                                         ; On                   ; On                   ;
; Auto RAM to Logic Cell Conversion                                ; Off                  ; Off                  ;
; Auto Resource Sharing                                            ; Off                  ; Off                  ;
; Allow Any RAM Size For Recognition                               ; Off                  ; Off                  ;
; Allow Any ROM Size For Recognition                               ; Off                  ; Off                  ;
; Allow Any Shift Register Size For Recognition                    ; Off                  ; Off                  ;
; Use LogicLock Constraints during Resource Balancing              ; On                   ; On                   ;
; Ignore translate_off and synthesis_off directives                ; Off                  ; Off                  ;
; Timing-Driven Synthesis                                          ; On                   ; On                   ;
; Report Parameter Settings                                        ; On                   ; On                   ;
; Report Source Assignments                                        ; On                   ; On                   ;
; Report Connectivity Checks                                       ; On                   ; On                   ;
; Ignore Maximum Fan-Out Assignments                               ; Off                  ; Off                  ;
; Synchronization Register Chain Length                            ; 2                    ; 2                    ;
; Power Optimization During Synthesis                              ; Normal compilation   ; Normal compilation   ;
; HDL message level                                                ; Level2               ; Level2               ;
; Suppress Register Optimization Related Messages                  ; Off                  ; Off                  ;
; Number of Removed Registers Reported in Synthesis Report         ; 5000                 ; 5000                 ;
; Number of Swept Nodes Reported in Synthesis Report               ; 5000                 ; 5000                 ;
; Number of Inverted Registers Reported in Synthesis Report        ; 100                  ; 100                  ;
; Clock MUX Protection                                             ; On                   ; On                   ;
; Auto Gated Clock Conversion                                      ; Off                  ; Off                  ;
; Block Design Naming                                              ; Auto                 ; Auto                 ;
; SDC constraint protection                                        ; Off                  ; Off                  ;
; Synthesis Effort                                                 ; Auto                 ; Auto                 ;
; Shift Register Replacement - Allow Asynchronous Clear Signal     ; On                   ; On                   ;
; Pre-Mapping Resynthesis Optimization                             ; Off                  ; Off                  ;
; Analysis & Synthesis Message Level                               ; Medium               ; Medium               ;
; Disable Register Merging Across Hierarchies                      ; Auto                 ; Auto                 ;
; Resource Aware Inference For Block RAM                           ; On                   ; On                   ;
+------------------------------------------------------------------+----------------------+----------------------+


+------------------------------------------+
; Parallel Compilation                     ;
+----------------------------+-------------+
; Processors                 ; Number      ;
+----------------------------+-------------+
; Number detected on machine ; 12          ;
; Maximum allowed            ; 12          ;
;                            ;             ;
; Average used               ; 1.00        ;
; Maximum used               ; 12          ;
;                            ;             ;
; Usage by Processor         ; % Time Used ;
;     Processor 1            ; 100.0%      ;
;     Processor 2            ;   0.0%      ;
;     Processors 3-12        ;   0.0%      ;
+----------------------------+-------------+


+------------------------------------------------------------------------------------------------------------------------------------------------+
; Analysis & Synthesis Source Files Read                                                                                                         ;
+----------------------------------+-----------------+-----------------+---------------------------------------------------------------+---------+
; File Name with User-Entered Path ; Used in Netlist ; File Type       ; File Name with Absolute Path                                  ; Library ;
+----------------------------------+-----------------+-----------------+---------------------------------------------------------------+---------+
; U_D_Bin_Counter4bit.vhd          ; yes             ; User VHDL File  ; C:/Documents/ECE124/Lab4_constructed/U_D_Bin_Counter4bit.vhd  ;         ;
; shift_reg_4bit.vhd               ; yes             ; User VHDL File  ; C:/Documents/ECE124/Lab4_constructed/shift_reg_4bit.vhd       ;         ;
; motion.vhd                       ; yes             ; User VHDL File  ; C:/Documents/ECE124/Lab4_constructed/motion.vhd               ;         ;
; LogicalStep_Lab4_top.vhd         ; yes             ; User VHDL File  ; C:/Documents/ECE124/Lab4_constructed/LogicalStep_Lab4_top.vhd ;         ;
; grapple.vhd                      ; yes             ; User VHDL File  ; C:/Documents/ECE124/Lab4_constructed/grapple.vhd              ;         ;
; extend.vhd                       ; yes             ; User VHDL File  ; C:/Documents/ECE124/Lab4_constructed/extend.vhd               ;         ;
; Compx4.vhd                       ; yes             ; User VHDL File  ; C:/Documents/ECE124/Lab4_constructed/Compx4.vhd               ;         ;
; Compx1.vhd                       ; yes             ; User VHDL File  ; C:/Documents/ECE124/Lab4_constructed/Compx1.vhd               ;         ;
+----------------------------------+-----------------+-----------------+---------------------------------------------------------------+---------+


+-----------------------------------------------------------+
; Analysis & Synthesis Resource Usage Summary               ;
+---------------------------------------------+-------------+
; Resource                                    ; Usage       ;
+---------------------------------------------+-------------+
; Estimated Total logic elements              ; 81          ;
;                                             ;             ;
; Total combinational functions               ; 75          ;
; Logic element usage by number of LUT inputs ;             ;
;     -- 4 input functions                    ; 42          ;
;     -- 3 input functions                    ; 19          ;
;     -- <=2 input functions                  ; 14          ;
;                                             ;             ;
; Logic elements by mode                      ;             ;
;     -- normal mode                          ; 69          ;
;     -- arithmetic mode                      ; 6           ;
;                                             ;             ;
; Total registers                             ; 20          ;
;     -- Dedicated logic registers            ; 20          ;
;     -- I/O registers                        ; 0           ;
;                                             ;             ;
; I/O pins                                    ; 30          ;
;                                             ;             ;
; Embedded Multiplier 9-bit elements          ; 0           ;
;                                             ;             ;
; Maximum fan-out node                        ; rst_n~input ;
; Maximum fan-out                             ; 46          ;
; Total fan-out                               ; 368         ;
; Average fan-out                             ; 2.37        ;
+---------------------------------------------+-------------+


+-----------------------------------------------------------------------------------------------------------------------------------------------------------------------------------------------------------------------------------------------------------------------------------------------+
; Analysis & Synthesis Resource Utilization by Entity                                                                                                                                                                                                                                           ;
+-----------------------------------------+---------------------+---------------------------+-------------+------------+--------------+---------+-----------+------+--------------+------------+----------------------------------------------------------+----------------------+--------------+
; Compilation Hierarchy Node              ; Combinational ALUTs ; Dedicated Logic Registers ; Memory Bits ; UFM Blocks ; DSP Elements ; DSP 9x9 ; DSP 18x18 ; Pins ; Virtual Pins ; ADC blocks ; Full Hierarchy Name                                      ; Entity Name          ; Library Name ;
+-----------------------------------------+---------------------+---------------------------+-------------+------------+--------------+---------+-----------+------+--------------+------------+----------------------------------------------------------+----------------------+--------------+
; |LogicalStep_Lab4_top                   ; 75 (0)              ; 20 (0)                    ; 0           ; 0          ; 0            ; 0       ; 0         ; 30   ; 0            ; 0          ; |LogicalStep_Lab4_top                                    ; LogicalStep_Lab4_top ; work         ;
;    |Compx4:inst_compare_x|              ; 5 (5)               ; 0 (0)                     ; 0           ; 0          ; 0            ; 0       ; 0         ; 0    ; 0            ; 0          ; |LogicalStep_Lab4_top|Compx4:inst_compare_x              ; Compx4               ; work         ;
;    |Compx4:inst_compare_y|              ; 6 (6)               ; 0 (0)                     ; 0           ; 0          ; 0            ; 0       ; 0         ; 0    ; 0            ; 0          ; |LogicalStep_Lab4_top|Compx4:inst_compare_y              ; Compx4               ; work         ;
;    |U_D_Bin_Counter4bit:inst_counter_x| ; 9 (9)               ; 4 (4)                     ; 0           ; 0          ; 0            ; 0       ; 0         ; 0    ; 0            ; 0          ; |LogicalStep_Lab4_top|U_D_Bin_Counter4bit:inst_counter_x ; U_D_Bin_Counter4bit  ; work         ;
;    |U_D_Bin_Counter4bit:inst_counter_y| ; 9 (9)               ; 4 (4)                     ; 0           ; 0          ; 0            ; 0       ; 0         ; 0    ; 0            ; 0          ; |LogicalStep_Lab4_top|U_D_Bin_Counter4bit:inst_counter_y ; U_D_Bin_Counter4bit  ; work         ;
;    |extend:inst_extension_controller|   ; 12 (12)             ; 2 (2)                     ; 0           ; 0          ; 0            ; 0       ; 0         ; 0    ; 0            ; 0          ; |LogicalStep_Lab4_top|extend:inst_extension_controller   ; extend               ; work         ;
;    |grapple:inst_grapple_controller|    ; 1 (1)               ; 3 (3)                     ; 0           ; 0          ; 0            ; 0       ; 0         ; 0    ; 0            ; 0          ; |LogicalStep_Lab4_top|grapple:inst_grapple_controller    ; grapple              ; work         ;
;    |motion:inst_motion_controller|      ; 29 (29)             ; 3 (3)                     ; 0           ; 0          ; 0            ; 0       ; 0         ; 0    ; 0            ; 0          ; |LogicalStep_Lab4_top|motion:inst_motion_controller      ; motion               ; work         ;
;    |shift_reg_4bit:inst_extend_shifter| ; 4 (4)               ; 4 (4)                     ; 0           ; 0          ; 0            ; 0       ; 0         ; 0    ; 0            ; 0          ; |LogicalStep_Lab4_top|shift_reg_4bit:inst_extend_shifter ; shift_reg_4bit       ; work         ;
+-----------------------------------------+---------------------+---------------------------+-------------+------------+--------------+---------+-----------+------+--------------+------------+----------------------------------------------------------+----------------------+--------------+
Note: For table entries with two numbers listed, the numbers in parentheses indicate the number of resources of the given type used by the specific entity alone. The numbers listed outside of parentheses indicate the total resources of the given type used by the specific entity and all of its sub-entities in the hierarchy.


+----------------------------------------------------------------------------------------------------------------------------+
; User-Specified and Inferred Latches                                                                                        ;
+-----------------------------------------------------+---------------------------------------------+------------------------+
; Latch Name                                          ; Latch Enable Signal                         ; Free of Timing Hazards ;
+-----------------------------------------------------+---------------------------------------------+------------------------+
; motion:inst_motion_controller|sys_fault             ; motion:inst_motion_controller|current_state ; yes                    ;
; extend:inst_extension_controller|ext_stat           ; motion:inst_motion_controller|en_ext        ; yes                    ;
; motion:inst_motion_controller|en_ext                ; rst_n                                       ; yes                    ;
; extend:inst_extension_controller|grapple            ; motion:inst_motion_controller|en_ext        ; yes                    ;
; extend:inst_extension_controller|ext_shift          ; extend:inst_extension_controller|ext_shift  ; yes                    ;
; extend:inst_extension_controller|ext_en             ; extend:inst_extension_controller|ext_shift  ; yes                    ;
; motion:inst_motion_controller|y_tgt[2]              ; motion:inst_motion_controller|x_tgt[3]      ; yes                    ;
; motion:inst_motion_controller|y_tgt[3]              ; motion:inst_motion_controller|x_tgt[3]      ; yes                    ;
; motion:inst_motion_controller|y_tgt[1]              ; motion:inst_motion_controller|x_tgt[3]      ; yes                    ;
; motion:inst_motion_controller|y_tgt[0]              ; motion:inst_motion_controller|x_tgt[3]      ; yes                    ;
; motion:inst_motion_controller|x_tgt[2]              ; motion:inst_motion_controller|x_tgt[3]      ; yes                    ;
; motion:inst_motion_controller|x_tgt[3]              ; motion:inst_motion_controller|x_tgt[3]      ; yes                    ;
; motion:inst_motion_controller|x_tgt[1]              ; motion:inst_motion_controller|x_tgt[3]      ; yes                    ;
; motion:inst_motion_controller|x_tgt[0]              ; motion:inst_motion_controller|x_tgt[3]      ; yes                    ;
; motion:inst_motion_controller|back_to_idle          ; motion:inst_motion_controller|back_to_idle  ; yes                    ;
; motion:inst_motion_controller|y_que[2]              ; motion:inst_motion_controller|y_que[0]      ; yes                    ;
; motion:inst_motion_controller|y_que[3]              ; motion:inst_motion_controller|y_que[0]      ; yes                    ;
; motion:inst_motion_controller|y_que[1]              ; motion:inst_motion_controller|y_que[0]      ; yes                    ;
; motion:inst_motion_controller|y_que[0]              ; motion:inst_motion_controller|y_que[0]      ; yes                    ;
; motion:inst_motion_controller|x_que[2]              ; motion:inst_motion_controller|y_que[0]      ; yes                    ;
; motion:inst_motion_controller|x_que[3]              ; motion:inst_motion_controller|y_que[0]      ; yes                    ;
; motion:inst_motion_controller|x_que[1]              ; motion:inst_motion_controller|y_que[0]      ; yes                    ;
; motion:inst_motion_controller|x_que[0]              ; motion:inst_motion_controller|y_que[0]      ; yes                    ;
; Number of user-specified and inferred latches = 23  ;                                             ;                        ;
+-----------------------------------------------------+---------------------------------------------+------------------------+
Note: All latches listed above may not be present at the end of synthesis due to various synthesis optimizations.


+------------------------------------------------------+
; General Register Statistics                          ;
+----------------------------------------------+-------+
; Statistic                                    ; Value ;
+----------------------------------------------+-------+
; Total registers                              ; 20    ;
; Number of registers using Synchronous Clear  ; 0     ;
; Number of registers using Synchronous Load   ; 0     ;
; Number of registers using Asynchronous Clear ; 20    ;
; Number of registers using Asynchronous Load  ; 0     ;
; Number of registers using Clock Enable       ; 10    ;
; Number of registers using Preset             ; 0     ;
+----------------------------------------------+-------+


+--------------------------------------------------------------------------------------------------------------------------------------------------------------------------------+
; Multiplexer Restructuring Statistics (Restructuring Performed)                                                                                                                 ;
+--------------------+-----------+---------------+----------------------+------------------------+------------+------------------------------------------------------------------+
; Multiplexer Inputs ; Bus Width ; Baseline Area ; Area if Restructured ; Saving if Restructured ; Registered ; Example Multiplexer Output                                       ;
+--------------------+-----------+---------------+----------------------+------------------------+------------+------------------------------------------------------------------+
; 4:1                ; 2 bits    ; 4 LEs         ; 4 LEs                ; 0 LEs                  ; No         ; |LogicalStep_Lab4_top|motion:inst_motion_controller|enable_y_out ;
+--------------------+-----------+---------------+----------------------+------------------------+------------+------------------------------------------------------------------+


+-----------------------------------------------------+
; Post-Synthesis Netlist Statistics for Top Partition ;
+-----------------------+-----------------------------+
; Type                  ; Count                       ;
+-----------------------+-----------------------------+
; boundary_port         ; 30                          ;
; cycloneiii_ff         ; 20                          ;
;     CLR               ; 10                          ;
;     ENA CLR           ; 10                          ;
; cycloneiii_lcell_comb ; 76                          ;
;     arith             ; 6                           ;
;         2 data inputs ; 2                           ;
;         3 data inputs ; 4                           ;
;     normal            ; 70                          ;
;         0 data inputs ; 1                           ;
;         2 data inputs ; 12                          ;
;         3 data inputs ; 15                          ;
;         4 data inputs ; 42                          ;
;                       ;                             ;
; Max LUT depth         ; 4.20                        ;
; Average LUT depth     ; 2.63                        ;
+-----------------------+-----------------------------+


+-------------------------------+
; Elapsed Time Per Partition    ;
+----------------+--------------+
; Partition Name ; Elapsed Time ;
+----------------+--------------+
; Top            ; 00:00:00     ;
+----------------+--------------+


+-------------------------------+
; Analysis & Synthesis Messages ;
+-------------------------------+
Info: *******************************************************************
Info: Running Quartus Prime Analysis & Synthesis
    Info: Version 19.1.0 Build 670 09/22/2019 SJ Lite Edition
    Info: Processing started: Wed Jul 29 13:00:25 2020
Info: Command: quartus_map --read_settings_files=on --write_settings_files=off LogicalStep_Lab4 -c LogicalStep_Lab4_top
Warning (18236): Number of processors has not been specified which may cause overloading on shared machines.  Set the global assignment NUM_PARALLEL_PROCESSORS in your QSF to an appropriate value for best performance.
Info (20030): Parallel compilation is enabled and will use 12 of the 12 processors detected
Info (12021): Found 2 design units, including 1 entities, in source file u_d_bin_counter4bit.vhd
    Info (12022): Found design unit 1: U_D_Bin_Counter4bit-one File: C:/Documents/ECE124/Lab4_constructed/U_D_Bin_Counter4bit.vhd Line: 17
    Info (12023): Found entity 1: U_D_Bin_Counter4bit File: C:/Documents/ECE124/Lab4_constructed/U_D_Bin_Counter4bit.vhd Line: 7
Info (12021): Found 2 design units, including 1 entities, in source file shift_reg_4bit.vhd
    Info (12022): Found design unit 1: shift_reg_4bit-one File: C:/Documents/ECE124/Lab4_constructed/shift_reg_4bit.vhd Line: 18
    Info (12023): Found entity 1: shift_reg_4bit File: C:/Documents/ECE124/Lab4_constructed/shift_reg_4bit.vhd Line: 7
Info (12021): Found 2 design units, including 1 entities, in source file motion.vhd
    Info (12022): Found design unit 1: motion-coordinates File: C:/Documents/ECE124/Lab4_constructed/motion.vhd Line: 22
    Info (12023): Found entity 1: motion File: C:/Documents/ECE124/Lab4_constructed/motion.vhd Line: 6
Info (12021): Found 2 design units, including 1 entities, in source file logicalstep_lab4_top.vhd
    Info (12022): Found design unit 1: LogicalStep_Lab4_top-Circuit File: C:/Documents/ECE124/Lab4_constructed/LogicalStep_Lab4_top.vhd Line: 17
    Info (12023): Found entity 1: LogicalStep_Lab4_top File: C:/Documents/ECE124/Lab4_constructed/LogicalStep_Lab4_top.vhd Line: 6
Info (12021): Found 2 design units, including 1 entities, in source file grapple.vhd
    Info (12022): Found design unit 1: grapple-grappler File: C:/Documents/ECE124/Lab4_constructed/grapple.vhd Line: 15
    Info (12023): Found entity 1: grapple File: C:/Documents/ECE124/Lab4_constructed/grapple.vhd Line: 6
Info (12021): Found 2 design units, including 1 entities, in source file extend.vhd
    Info (12022): Found design unit 1: extend-arm File: C:/Documents/ECE124/Lab4_constructed/extend.vhd Line: 17
    Info (12023): Found entity 1: extend File: C:/Documents/ECE124/Lab4_constructed/extend.vhd Line: 6
Info (12021): Found 2 design units, including 1 entities, in source file compx4.vhd
    Info (12022): Found design unit 1: Compx4-dataflow File: C:/Documents/ECE124/Lab4_constructed/Compx4.vhd Line: 12
    Info (12023): Found entity 1: Compx4 File: C:/Documents/ECE124/Lab4_constructed/Compx4.vhd Line: 6
Info (12021): Found 2 design units, including 1 entities, in source file compx1.vhd
    Info (12022): Found design unit 1: Compx1-dataflow File: C:/Documents/ECE124/Lab4_constructed/Compx1.vhd Line: 10
    Info (12023): Found entity 1: Compx1 File: C:/Documents/ECE124/Lab4_constructed/Compx1.vhd Line: 4
Info (12021): Found 2 design units, including 1 entities, in source file bidir_shift_reg.vhd
    Info (12022): Found design unit 1: Bidir_shift_reg-one File: C:/Documents/ECE124/Lab4_constructed/Bidir_shift_reg.vhd Line: 18
    Info (12023): Found entity 1: Bidir_shift_reg File: C:/Documents/ECE124/Lab4_constructed/Bidir_shift_reg.vhd Line: 7
Info (12127): Elaborating entity "LogicalStep_Lab4_top" for the top level hierarchy
Warning (10873): Using initial value X (don't care) for net "leds[2]" at LogicalStep_Lab4_top.vhd(13) File: C:/Documents/ECE124/Lab4_constructed/LogicalStep_Lab4_top.vhd Line: 13
Info (12128): Elaborating entity "motion" for hierarchy "motion:inst_motion_controller" File: C:/Documents/ECE124/Lab4_constructed/LogicalStep_Lab4_top.vhd Line: 101
Warning (10036): Verilog HDL or VHDL warning at motion.vhd(30): object "coordinate_queued" assigned a value but never read File: C:/Documents/ECE124/Lab4_constructed/motion.vhd Line: 30
Warning (10492): VHDL Process Statement warning at motion.vhd(120): signal "x_input" is read inside the Process Statement but isn't in the Process Statement's sensitivity list File: C:/Documents/ECE124/Lab4_constructed/motion.vhd Line: 120
Warning (10492): VHDL Process Statement warning at motion.vhd(121): signal "y_input" is read inside the Process Statement but isn't in the Process Statement's sensitivity list File: C:/Documents/ECE124/Lab4_constructed/motion.vhd Line: 121
Warning (10492): VHDL Process Statement warning at motion.vhd(147): signal "x_input" is read inside the Process Statement but isn't in the Process Statement's sensitivity list File: C:/Documents/ECE124/Lab4_constructed/motion.vhd Line: 147
Warning (10492): VHDL Process Statement warning at motion.vhd(148): signal "y_input" is read inside the Process Statement but isn't in the Process Statement's sensitivity list File: C:/Documents/ECE124/Lab4_constructed/motion.vhd Line: 148
Warning (10492): VHDL Process Statement warning at motion.vhd(153): signal "sys_fault" is read inside the Process Statement but isn't in the Process Statement's sensitivity list File: C:/Documents/ECE124/Lab4_constructed/motion.vhd Line: 153
Warning (10631): VHDL Process Statement warning at motion.vhd(93): inferring latch(es) for signal or variable "x_tgt", which holds its previous value in one or more paths through the process File: C:/Documents/ECE124/Lab4_constructed/motion.vhd Line: 93
Warning (10631): VHDL Process Statement warning at motion.vhd(93): inferring latch(es) for signal or variable "y_tgt", which holds its previous value in one or more paths through the process File: C:/Documents/ECE124/Lab4_constructed/motion.vhd Line: 93
Warning (10631): VHDL Process Statement warning at motion.vhd(93): inferring latch(es) for signal or variable "x_que", which holds its previous value in one or more paths through the process File: C:/Documents/ECE124/Lab4_constructed/motion.vhd Line: 93
Warning (10631): VHDL Process Statement warning at motion.vhd(93): inferring latch(es) for signal or variable "y_que", which holds its previous value in one or more paths through the process File: C:/Documents/ECE124/Lab4_constructed/motion.vhd Line: 93
Warning (10631): VHDL Process Statement warning at motion.vhd(93): inferring latch(es) for signal or variable "en_x", which holds its previous value in one or more paths through the process File: C:/Documents/ECE124/Lab4_constructed/motion.vhd Line: 93
Warning (10631): VHDL Process Statement warning at motion.vhd(93): inferring latch(es) for signal or variable "en_y", which holds its previous value in one or more paths through the process File: C:/Documents/ECE124/Lab4_constructed/motion.vhd Line: 93
Warning (10631): VHDL Process Statement warning at motion.vhd(93): inferring latch(es) for signal or variable "sys_fault", which holds its previous value in one or more paths through the process File: C:/Documents/ECE124/Lab4_constructed/motion.vhd Line: 93
Warning (10631): VHDL Process Statement warning at motion.vhd(93): inferring latch(es) for signal or variable "en_ext", which holds its previous value in one or more paths through the process File: C:/Documents/ECE124/Lab4_constructed/motion.vhd Line: 93
Warning (10631): VHDL Process Statement warning at motion.vhd(93): inferring latch(es) for signal or variable "back_to_idle", which holds its previous value in one or more paths through the process File: C:/Documents/ECE124/Lab4_constructed/motion.vhd Line: 93
Info (10041): Inferred latch for "back_to_idle" at motion.vhd(93) File: C:/Documents/ECE124/Lab4_constructed/motion.vhd Line: 93
Info (10041): Inferred latch for "en_ext" at motion.vhd(93) File: C:/Documents/ECE124/Lab4_constructed/motion.vhd Line: 93
Info (10041): Inferred latch for "sys_fault" at motion.vhd(93) File: C:/Documents/ECE124/Lab4_constructed/motion.vhd Line: 93
Info (10041): Inferred latch for "y_que[0]" at motion.vhd(93) File: C:/Documents/ECE124/Lab4_constructed/motion.vhd Line: 93
Info (10041): Inferred latch for "y_que[1]" at motion.vhd(93) File: C:/Documents/ECE124/Lab4_constructed/motion.vhd Line: 93
Info (10041): Inferred latch for "y_que[2]" at motion.vhd(93) File: C:/Documents/ECE124/Lab4_constructed/motion.vhd Line: 93
Info (10041): Inferred latch for "y_que[3]" at motion.vhd(93) File: C:/Documents/ECE124/Lab4_constructed/motion.vhd Line: 93
Info (10041): Inferred latch for "x_que[0]" at motion.vhd(93) File: C:/Documents/ECE124/Lab4_constructed/motion.vhd Line: 93
Info (10041): Inferred latch for "x_que[1]" at motion.vhd(93) File: C:/Documents/ECE124/Lab4_constructed/motion.vhd Line: 93
Info (10041): Inferred latch for "x_que[2]" at motion.vhd(93) File: C:/Documents/ECE124/Lab4_constructed/motion.vhd Line: 93
Info (10041): Inferred latch for "x_que[3]" at motion.vhd(93) File: C:/Documents/ECE124/Lab4_constructed/motion.vhd Line: 93
Info (10041): Inferred latch for "y_tgt[0]" at motion.vhd(93) File: C:/Documents/ECE124/Lab4_constructed/motion.vhd Line: 93
Info (10041): Inferred latch for "y_tgt[1]" at motion.vhd(93) File: C:/Documents/ECE124/Lab4_constructed/motion.vhd Line: 93
Info (10041): Inferred latch for "y_tgt[2]" at motion.vhd(93) File: C:/Documents/ECE124/Lab4_constructed/motion.vhd Line: 93
Info (10041): Inferred latch for "y_tgt[3]" at motion.vhd(93) File: C:/Documents/ECE124/Lab4_constructed/motion.vhd Line: 93
Info (10041): Inferred latch for "x_tgt[0]" at motion.vhd(93) File: C:/Documents/ECE124/Lab4_constructed/motion.vhd Line: 93
Info (10041): Inferred latch for "x_tgt[1]" at motion.vhd(93) File: C:/Documents/ECE124/Lab4_constructed/motion.vhd Line: 93
Info (10041): Inferred latch for "x_tgt[2]" at motion.vhd(93) File: C:/Documents/ECE124/Lab4_constructed/motion.vhd Line: 93
Info (10041): Inferred latch for "x_tgt[3]" at motion.vhd(93) File: C:/Documents/ECE124/Lab4_constructed/motion.vhd Line: 93
Info (12128): Elaborating entity "Compx4" for hierarchy "Compx4:inst_compare_x" File: C:/Documents/ECE124/Lab4_constructed/LogicalStep_Lab4_top.vhd Line: 116
Info (12128): Elaborating entity "Compx1" for hierarchy "Compx4:inst_compare_x|Compx1:inst0" File: C:/Documents/ECE124/Lab4_constructed/Compx4.vhd Line: 28
Info (12128): Elaborating entity "U_D_Bin_Counter4bit" for hierarchy "U_D_Bin_Counter4bit:inst_counter_x" File: C:/Documents/ECE124/Lab4_constructed/LogicalStep_Lab4_top.vhd Line: 128
Warning (10492): VHDL Process Statement warning at U_D_Bin_Counter4bit.vhd(29): signal "ud_bin_counter" is read inside the Process Statement but isn't in the Process Statement's sensitivity list File: C:/Documents/ECE124/Lab4_constructed/U_D_Bin_Counter4bit.vhd Line: 29
Warning (10492): VHDL Process Statement warning at U_D_Bin_Counter4bit.vhd(32): signal "ud_bin_counter" is read inside the Process Statement but isn't in the Process Statement's sensitivity list File: C:/Documents/ECE124/Lab4_constructed/U_D_Bin_Counter4bit.vhd Line: 32
Info (12128): Elaborating entity "extend" for hierarchy "extend:inst_extension_controller" File: C:/Documents/ECE124/Lab4_constructed/LogicalStep_Lab4_top.vhd Line: 151
Warning (10036): Verilog HDL or VHDL warning at extend.vhd(21): object "tgt_pos" assigned a value but never read File: C:/Documents/ECE124/Lab4_constructed/extend.vhd Line: 21
Warning (10492): VHDL Process Statement warning at extend.vhd(43): signal "enable" is read inside the Process Statement but isn't in the Process Statement's sensitivity list File: C:/Documents/ECE124/Lab4_constructed/extend.vhd Line: 43
Warning (10492): VHDL Process Statement warning at extend.vhd(56): signal "ext_pos" is read inside the Process Statement but isn't in the Process Statement's sensitivity list File: C:/Documents/ECE124/Lab4_constructed/extend.vhd Line: 56
Warning (10492): VHDL Process Statement warning at extend.vhd(63): signal "ext_pos" is read inside the Process Statement but isn't in the Process Statement's sensitivity list File: C:/Documents/ECE124/Lab4_constructed/extend.vhd Line: 63
Warning (10492): VHDL Process Statement warning at extend.vhd(79): signal "ext_pos" is read inside the Process Statement but isn't in the Process Statement's sensitivity list File: C:/Documents/ECE124/Lab4_constructed/extend.vhd Line: 79
Warning (10492): VHDL Process Statement warning at extend.vhd(84): signal "ext_pos" is read inside the Process Statement but isn't in the Process Statement's sensitivity list File: C:/Documents/ECE124/Lab4_constructed/extend.vhd Line: 84
Warning (10631): VHDL Process Statement warning at extend.vhd(40): inferring latch(es) for signal or variable "ext_en", which holds its previous value in one or more paths through the process File: C:/Documents/ECE124/Lab4_constructed/extend.vhd Line: 40
Warning (10631): VHDL Process Statement warning at extend.vhd(40): inferring latch(es) for signal or variable "ext_shift", which holds its previous value in one or more paths through the process File: C:/Documents/ECE124/Lab4_constructed/extend.vhd Line: 40
Warning (10631): VHDL Process Statement warning at extend.vhd(40): inferring latch(es) for signal or variable "grapple", which holds its previous value in one or more paths through the process File: C:/Documents/ECE124/Lab4_constructed/extend.vhd Line: 40
Warning (10631): VHDL Process Statement warning at extend.vhd(40): inferring latch(es) for signal or variable "ext_stat", which holds its previous value in one or more paths through the process File: C:/Documents/ECE124/Lab4_constructed/extend.vhd Line: 40
Info (10041): Inferred latch for "ext_stat" at extend.vhd(40) File: C:/Documents/ECE124/Lab4_constructed/extend.vhd Line: 40
Info (10041): Inferred latch for "grapple" at extend.vhd(40) File: C:/Documents/ECE124/Lab4_constructed/extend.vhd Line: 40
Info (10041): Inferred latch for "ext_shift" at extend.vhd(40) File: C:/Documents/ECE124/Lab4_constructed/extend.vhd Line: 40
Info (10041): Inferred latch for "ext_en" at extend.vhd(40) File: C:/Documents/ECE124/Lab4_constructed/extend.vhd Line: 40
Info (12128): Elaborating entity "shift_reg_4bit" for hierarchy "shift_reg_4bit:inst_extend_shifter" File: C:/Documents/ECE124/Lab4_constructed/LogicalStep_Lab4_top.vhd Line: 164
Warning (10492): VHDL Process Statement warning at shift_reg_4bit.vhd(32): signal "CLK_EN" is read inside the Process Statement but isn't in the Process Statement's sensitivity list File: C:/Documents/ECE124/Lab4_constructed/shift_reg_4bit.vhd Line: 32
Info (12128): Elaborating entity "grapple" for hierarchy "grapple:inst_grapple_controller" File: C:/Documents/ECE124/Lab4_constructed/LogicalStep_Lab4_top.vhd Line: 177
Warning (10492): VHDL Process Statement warning at grapple.vhd(39): signal "reset" is read inside the Process Statement but isn't in the Process Statement's sensitivity list File: C:/Documents/ECE124/Lab4_constructed/grapple.vhd Line: 39
Warning (13012): Latch extend:inst_extension_controller|ext_shift has unsafe behavior File: C:/Documents/ECE124/Lab4_constructed/extend.vhd Line: 40
    Warning (13013): Ports D and ENA on the latch are fed by the same signal rst_n File: C:/Documents/ECE124/Lab4_constructed/LogicalStep_Lab4_top.vhd Line: 10
Warning (13012): Latch motion:inst_motion_controller|back_to_idle has unsafe behavior File: C:/Documents/ECE124/Lab4_constructed/motion.vhd Line: 31
    Warning (13013): Ports D and ENA on the latch are fed by the same signal rst_n File: C:/Documents/ECE124/Lab4_constructed/LogicalStep_Lab4_top.vhd Line: 10
Warning (13024): Output pins are stuck at VCC or GND
    Warning (13410): Pin "leds[2]" is stuck at GND File: C:/Documents/ECE124/Lab4_constructed/LogicalStep_Lab4_top.vhd Line: 13
Info (286030): Timing-Driven Synthesis is running
Info (16010): Generating hard_block partition "hard_block:auto_generated_inst"
    Info (16011): Adding 0 node(s), including 0 DDIO, 0 PLL, 0 transceiver and 0 LCELL
Warning (21074): Design contains 1 input pin(s) that do not drive logic
    Warning (15610): No output dependent on input pin "pb[3]" File: C:/Documents/ECE124/Lab4_constructed/LogicalStep_Lab4_top.vhd Line: 11
Info (21057): Implemented 111 device resources after synthesis - the final resource count might be different
    Info (21058): Implemented 14 input pins
    Info (21059): Implemented 16 output pins
    Info (21061): Implemented 81 logic cells
Info: Quartus Prime Analysis & Synthesis was successful. 0 errors, 39 warnings
    Info: Peak virtual memory: 4843 megabytes
    Info: Processing ended: Wed Jul 29 13:00:34 2020
    Info: Elapsed time: 00:00:09
    Info: Total CPU time (on all processors): 00:00:16


